src/components/ConfirmationModal.tsx(41,11): error TS2322: Type 'unknown' is not assignable to type 'ReactNode'.
src/components/ConfirmationModal.tsx(42,57): error TS2339: Property 'replace' does not exist on type '{}'.
src/components/ConfirmationModal.tsx(44,11): error TS2322: Type 'unknown' is not assignable to type 'ReactNode'.
src/components/ConfirmationModal.tsx(47,15): error TS2322: Type '{}' is not assignable to type 'string'.
src/components/ConfirmationModal.tsx(51,11): error TS2322: Type 'unknown' is not assignable to type 'ReactNode'.
src/components/ConfirmationModal.tsx(54,15): error TS2322: Type '{}' is not assignable to type 'string'.
src/components/ConfirmationModal.tsx(58,11): error TS2322: Type 'unknown' is not assignable to type 'ReactNode'.
src/components/ConfirmationModal.tsx(65,11): error TS2322: Type 'unknown' is not assignable to type 'ReactNode'.
src/components/ConfirmationModal.tsx(75,11): error TS2322: Type 'unknown' is not assignable to type 'ReactNode'.
src/components/ConfirmationModal.tsx(76,40): error TS2322: Type '{}' is not assignable to type 'string'.
src/components/TokenRiskCard.tsx(43,9): error TS2322: Type 'unknown' is not assignable to type 'ReactNode'.
src/components/TokenRiskCard.tsx(104,32): error TS2339: Property 'length' does not exist on type '{}'.
src/components/TransactionSummary.tsx(15,7): error TS2322: Type 'unknown' is not assignable to type 'ReactNode'.
src/components/TransactionSummary.tsx(38,7): error TS2322: Type 'unknown' is not assignable to type 'ReactNode'.
src/components/TransactionSummary.tsx(58,7): error TS2322: Type 'unknown' is not assignable to type 'ReactNode'.
src/components/TransactionSummary.tsx(80,36): error TS2339: Property 'length' does not exist on type '{}'.
src/components/WalletReport.tsx(54,9): error TS2322: Type 'unknown' is not assignable to type 'ReactNode'.
src/components/WalletReport.tsx(57,9): error TS2322: Type 'unknown' is not assignable to type 'ReactNode'.
src/components/WalletReport.tsx(103,26): error TS2339: Property 'length' does not exist on type '{}'.
src/components/WalletReport.tsx(108,22): error TS18046: 'data.nfts' is of type 'unknown'.
